 %time  cumsecs  #call  ms/call  name
  12.1    16.04                  mcount
   6.9    25.16 306069     0.03  _ExecArray
   5.4    32.32                  _Unprotect
   5.1    39.12     24   283.33  _Install
   4.9    45.70 125791     0.05  _ExecOperator
   4.2    51.23  75101     0.07  _Transform
   3.9    56.37 150202     0.03  _NewVector
   3.0    60.37      3  1333.32  _MakeArray
   3.0    64.36 554392     0.01  _xCheck
   2.9    68.20 338236     0.01  _MakeObject
   2.8    71.86 235068     0.02  _DictLoad
   2.6    75.35 119783     0.03  _Load
   2.3    78.37                  _EqTrue
   2.2    81.23  73848     0.04  _ExtToInt
   2.1    84.03 158262     0.02  _BodyReal
   1.9    86.61 294406     0.01  _SameFlags
   1.9    89.15    523     4.86  _write
   1.9    91.63 303380     0.01  _BodyInteger
   1.7    93.92  73857     0.03  _NewHardPoint
   1.6    96.06 179514     0.01  _NewElem
   1.6    98.16  73848     0.03  _HardToDevice
   1.6   100.24 254593     0.01  _EmptyPath
   1.5   102.28 168723     0.01  _PathDelete
   1.5   104.26 188467     0.01  _Equal
   1.5   106.22 147705     0.01  _NewMove
   1.2   107.80      4   395.00  _HardUpdate
   1.2   109.37  73849     0.02  _NewPoint
   1.2   110.91 179492     0.01  _ElemFree
   1.2   112.44 168741     0.01  _PathInsert
   1.0   113.82 168723     0.01  _PathRemove
   1.0   115.17  73849     0.02  _MoveTo
   0.9   116.43  73852     0.02  _LineTo
   0.8   117.51   2508     0.43  _PNewPath
   0.8   118.58  10519     0.10  _NewMatrix
   0.7   119.50   1253     0.73  _ThinStroke
   0.6   120.34   1253     0.67  _FlattenPath
   0.6   121.12  73857     0.01  _NewDevicePoint
   0.5   121.84      2   360.00  _PInitMatrix
   0.5   122.54    599     1.17  _MakeReal
   0.5   123.22   7007     0.10  _Translate
   0.5   123.84  36924     0.02  _DevicePaintLine
   0.5   124.46  36924     0.02  _PaintLine
   0.4   125.04  71341     0.01  _CurEType
   0.4   125.56  33060     0.02  _RealInteger
   0.4   126.05  10769     0.05  _PathFree
   0.3   126.50                  _XLine
   0.3   126.94  36926     0.01  _IsWindowHardware
   0.3   127.32   2937     0.13  _ParseId
   0.3   127.67   3165     0.11  _Scale
   0.3   128.01  21036     0.02  _ElemCopy
   0.2   128.29                  _ClearTo
   0.2   128.55      1   260.00  _InitControl
   0.2   128.79   3502     0.07  _GSave
   0.2   129.02   3274     0.07  _Parse
   0.2   129.24   2937     0.08  _ParseNumber
   0.1   129.42   7008     0.03  _PathCopy
   0.1   129.60   4581     0.04  _Apply
   0.1   129.77  10510     0.02  _OpCheck
   0.1   129.92   8788     0.02  _Lookup
   0.1   130.06   4923     0.03  _malloc
   0.1   130.20      2    70.00  _IntReal
   0.1   130.34   4142     0.03  _PolyFirst
   0.1   130.47   9872     0.01  _strncmp
   0.1   130.59   3502     0.03  _GRestore
   0.1   130.71      1   120.00  _lengthName
   0.1   130.82                  _Error
   0.1   130.93  10773     0.01  _NewPath
   0.1   131.03   7007     0.01  _LinkDevice
   0.1   131.13    132     0.76  _ParseArray
   0.1   131.23   7591     0.01  _min
   0.1   131.32                  _ScaleBitmap
   0.1   131.41    111     0.81  _wCheck
   0.1   131.49   2317     0.04  _MakeInteger
   0.1   131.57   4899     0.02  _Malloc
   0.1   131.65   1253     0.06  _Stroke
   0.1   131.73                  _Where
   0.1   131.80    338     0.21  _Rotate
   0.1   131.86   2295     0.03  _Cvx
   0.1   131.92   7010     0.01  _UnlinkDevice
   0.1   131.98      2    30.00  _WriteOnly
   0.1   132.04     94     0.64  _read
   0.0   132.08      1    40.00  _AssignMatrix
   0.0   132.12    547     0.07  _Bcopy
   0.0   132.16                  _BodyDict
   0.0   132.20      1    40.00  _BuildScreen
   0.0   132.24    992     0.04  _ExecFile
   0.0   132.28   2152     0.02  _Free
   0.0   132.32      1    40.00  _InitFile
   0.0   132.36   2152     0.02  _MakeName
   0.0   132.40   3506     0.01  _SetClipHardware
   0.0   132.44   5202     0.01  _Ungetch
   0.0   132.48      8     5.00  _open
   0.0   132.52   5198     0.01  _ungetc
   0.0   132.55                  Mcosd
   0.0   132.58                  _XGetHardwareColor
   0.0   132.60                  Mpowd
   0.0   132.62                  _CacheShow
   0.0   132.64      6     3.33  _CountTo
   0.0   132.66    412     0.05  _DictStore
   0.0   132.68      2    10.00  _InitShowContext
   0.0   132.70                  _IntToExt
   0.0   132.72     30     0.67  _MakeType
   0.0   132.74                  _Max
   0.0   132.76    356     0.06  _PCvx
   0.0   132.78   1253     0.02  _SetPath
   0.0   132.80    128     0.16  _TypeInstall
   0.0   132.82      2    10.00  _connect
   0.0   132.84                  _cos
   0.0   132.86      5     4.00  _fstat
   0.0   132.88      3     6.67  _sendto
   0.0   132.90      6     3.33  _socket
   0.0   132.91                  Mtand
   0.0   132.92                  _DTransform
   0.0   132.93      1    10.00  _InitPoly
   0.0   132.94    231     0.04  _InstallOp
   0.0   132.95    127     0.08  _TypeInstallOp
   0.0   132.96                  _rand
   0.0   132.96      2     0.00  _BodyArray
   0.0   132.96    170     0.00  _BodyBoolean
   0.0   132.96      2     0.00  _BodyFontID
   0.0   132.96      1     0.00  _BodyName
   0.0   132.96     16     0.00  _BodyString
   0.0   132.96      8     0.00  _Cbreak
   0.0   132.96      3     0.00  _CheckFont
   0.0   132.96      1     0.00  _Cleanup
   0.0   132.96      5     0.00  _Close
   0.0   132.96      4     0.00  _ClosePath
   0.0   132.96      2     0.00  _DeviceFrom
   0.0   132.96      1     0.00  _DeviceMatrix
   0.0   132.96     14     0.00  _DictFrom
   0.0   132.96      1     0.00  _EmptyDict
   0.0   132.96     18     0.00  _EqString
   0.0   132.96      2     0.00  _ErasePage
   0.0   132.96      4     0.00  _ExtractBBox
   0.0   132.96      6     0.00  _ExtractMatrix
   0.0   132.96      5     0.00  _Fclose
   0.0   132.96      9     0.00  _FileFrom
   0.0   132.96      3     0.00  _FileString
   0.0   132.96      4     0.00  _Fopen
   0.0   132.96     42     0.00  _GeneralGetch
   0.0   132.96      5     0.00  _HardwareExtent
   0.0   132.96      1     0.00  _Init
   0.0   132.96      1     0.00  _InitArray
   0.0   132.96      1     0.00  _InitBoolean
   0.0   132.96      1     0.00  _InitCache
   0.0   132.96      4     0.00  _InitClip
   0.0   132.96      1     0.00  _InitDevices
   0.0   132.96      1     0.00  _InitDictionary
   0.0   132.96      1     0.00  _InitFill
   0.0   132.96      1     0.00  _InitFont
   0.0   132.96      1     0.00  _InitGSave
   0.0   132.96      2     0.00  _InitGraphics
   0.0   132.96      1     0.00  _InitHardware
   0.0   132.96      1     0.00  _InitImage
   0.0   132.96      1     0.00  _InitInteger
   0.0   132.96      1     0.00  _InitMath
   0.0   132.96      1     0.00  _InitMatrix
   0.0   132.96      1     0.00  _InitMisc
   0.0   132.96      1     0.00  _InitName
   0.0   132.96      1     0.00  _InitOperator
   0.0   132.96      1     0.00  _InitPath
   0.0   132.96      1     0.00  _InitProperty
   0.0   132.96      1     0.00  _InitReal
   0.0   132.96      1     0.00  _InitReversal
   0.0   132.96      1     0.00  _InitStack
   0.0   132.96      1     0.00  _InitState
   0.0   132.96      1     0.00  _InitString
   0.0   132.96      1     0.00  _InitStroke
   0.0   132.96      1     0.00  _InitUnix
   0.0   132.96     36     0.00  _Interrupted
   0.0   132.96      1     0.00  _LookupFont
   0.0   132.96     20     0.00  _MakeBoolean
   0.0   132.96     15     0.00  _MakeDict
   0.0   132.96     39     0.00  _MakeOp
   0.0   132.96      3     0.00  _MakeString
   0.0   132.96      1     0.00  _MatMult
   0.0   132.96      1     0.00  _Mdefault
   0.0   132.96     31     0.00  _Message
   0.0   132.96    591     0.00  _NameFrom
   0.0   132.96    231     0.00  _NameOperator
   0.0   132.96      2     0.00  _NewClipPath
   0.0   132.96      2     0.00  _NewColour
   0.0   132.96      2     0.00  _NewDevice
   0.0   132.96      1     0.00  _NewGray
   0.0   132.96      3     0.00  _NewHSBColour
   0.0   132.96      1     0.00  _NewWindowDevice
   0.0   132.96      1     0.00  _NewWindowHardware
   0.0   132.96   1253     0.00  _PFlattenPath
   0.0   132.96      9     0.00  _PStopped
   0.0   132.96      2     0.00  _Paint
   0.0   132.96     36     0.00  _ParseString
   0.0   132.96    300     0.00  _PolyPair
   0.0   132.96     73     0.00  _PolySecond
   0.0   132.96     62     0.00  _PolyThird
   0.0   132.96    338     0.00  _Rad
   0.0   132.96     11     0.00  _ReadOnly
   0.0   132.96      1     0.00  _ReverseStack
   0.0   132.96      3     0.00  _ScreenSize
   0.0   132.96     36     0.00  _SetBit
   0.0   132.96      2     0.00  _SetDevice
   0.0   132.96      1     0.00  _SetScreen
   0.0   132.96      1     0.00  _SetTransfer
   0.0   132.96     56     0.00  _StrictAdd
   0.0   132.96      2     0.00  _StrictMul
   0.0   132.96      8     0.00  _StringFrom
   0.0   132.96      2     0.00  _TransferSize
   0.0   132.96      1     0.00  __doprnt
   0.0   132.96     15     0.00  __filbuf
   0.0   132.96      8     0.00  __findbuf
   0.0   132.96      8     0.00  __findiop
   0.0   132.96     14     0.00  __flsbuf
   0.0   132.96      3     0.00  __seterr_reply
   0.0   132.96      1     0.00  __wrtchk
   0.0   132.96      8     0.00  __xflsbuf
   0.0   132.96      2     0.00  __yp_dobind
   0.0   132.96      1     0.00  _atoi
   0.0   132.96      3     0.00  _authnone_create
   0.0   132.96     98     0.00  _bcopy
   0.0   132.96      2     0.00  _bind
   0.0   132.96      5     0.00  _bzero
   0.0   132.96      1     0.00  _calloc
   0.0   132.96     41     0.00  _cfree
   0.0   132.96      3     0.00  _clntudp_bufcreate
   0.0   132.96     11     0.00  _close
   0.0   132.96      1     0.00  _copyDict
   0.0   132.96      1     0.00  _dup
   0.0   132.96      1     0.00  _endhostent
   0.0   132.96      1     0.00  _exit
   0.0   132.96   2506     0.00  _fabs
   0.0   132.96      6     0.00  _fclose
   0.0   132.96      1     0.00  _fcntl
   0.0   132.96     13     0.00  _fflush
   0.0   132.96      8     0.00  _fopen
   0.0   132.96     41     0.00  _free
   0.0   132.96    344     0.00  _getArray
   0.0   132.96      2     0.00  _getIString
   0.0   132.96     18     0.00  _getString
   0.0   132.96      1     0.00  _getdomainname
   0.0   132.96      4     0.00  _getenv
   0.0   132.96      1     0.00  _gethostbyname
   0.0   132.96      1     0.00  _getpagesize
   0.0   132.96      5     0.00  _getpid
   0.0   132.96      2     0.00  _getsockname
   0.0   132.96      3     0.00  _gettimeofday
   0.0   132.96      1     0.00  _hard_size
   0.0   132.96      1     0.00  _index
   0.0   132.96      2     0.00  _inet_addr
   0.0   132.96     16     0.00  _ioctl
   0.0   132.96      9     0.00  _isatty
   0.0   132.96     13     0.00  _lengthArray
   0.0   132.96    121     0.00  _lengthDict
   0.0   132.96    141     0.00  _lengthString
   0.0   132.96      1     0.00  _main
   0.0   132.96    123     0.00  _maxDict
   0.0   132.96      1     0.00  _minitfp_
   0.0   132.96      1     0.00  _mswitchfp_
   0.0   132.96      1     0.00  _on_exit
   0.0   132.96      1     0.00  _profil
   0.0   132.96     14     0.00  _putIString
   0.0   132.96      1     0.00  _qsort
   0.0   132.96      1     0.00  _rCheck
   0.0   132.96      3     0.00  _recvfrom
   0.0   132.96     30     0.00  _sbrk
   0.0   132.96      3     0.00  _select
   0.0   132.96      1     0.00  _sethostent
   0.0   132.96      1     0.00  _signal
   0.0   132.96      1     0.00  _sprintf
   0.0   132.96      2     0.00  _strcat
   0.0   132.96      2     0.00  _strcmp
   0.0   132.96      3     0.00  _strcpy
   0.0   132.96    608     0.00  _strlen
   0.0   132.96      2     0.00  _strncpy
   0.0   132.96      3     0.00  _syscall
   0.0   132.96      3     0.00  _xdr_accepted_reply
   0.0   132.96      8     0.00  _xdr_bytes
   0.0   132.96      3     0.00  _xdr_callhdr
   0.0   132.96      3     0.00  _xdr_datum
   0.0   132.96     18     0.00  _xdr_enum
   0.0   132.96     18     0.00  _xdr_long
   0.0   132.96      9     0.00  _xdr_opaque
   0.0   132.96      5     0.00  _xdr_opaque_auth
   0.0   132.96      1     0.00  _xdr_pmap
   0.0   132.96      3     0.00  _xdr_replymsg
   0.0   132.96      3     0.00  _xdr_string
   0.0   132.96     11     0.00  _xdr_u_int
   0.0   132.96     33     0.00  _xdr_u_long
   0.0   132.96      4     0.00  _xdr_union
   0.0   132.96      1     0.00  _xdr_yp_binding
   0.0   132.96      1     0.00  _xdr_yp_inaddr
   0.0   132.96      1     0.00  _xdr_ypbind_resp
   0.0   132.96      2     0.00  _xdr_ypdomain_wrap_string
   0.0   132.96      1     0.00  _xdr_ypmap_wrap_string
   0.0   132.96      1     0.00  _xdr_ypreq_key
   0.0   132.96      2     0.00  _xdr_ypresp_val
   0.0   132.96      7     0.00  _xdrmem_create
   0.0   132.96      1     0.00  _yp_bind
   0.0   132.96      1     0.00  _yp_match
   0.0   132.96      1     0.00  float_switch
